// Jest Snapshot v1, https://goo.gl/fbAQLP

exports[`Header with Link should match with snapshot 1`] = `
<nav
  className="d-flex py-2 flex-column flex-md-row justify-content-between"
>
  <h3
    className="my-auto mx-auto mx-md-2"
  >
    Found&Seek
  </h3>
  <ul
    className="list-unstyled my-auto d-flex py-3 justify-content-center justify-content-md-end"
  >
    <li
      className="mx-3"
    >
      <a
        className="text-decoration-none link-light"
        href="/"
        onClick={[Function]}
      >
        Home
      </a>
    </li>
    <li
      className="mx-3"
    >
      <a
        className="text-decoration-none link-light"
        href="/my_devices"
        onClick={[Function]}
      >
        My devices
      </a>
    </li>
    <li
      className="mx-3"
    >
      <a
        className="text-decoration-none link-light"
        href="/create_device"
        onClick={[Function]}
      >
        Create device
      </a>
    </li>
    <li
      className="mx-3"
    >
      <button
        className="logout-btn"
        onClick={[Function]}
        type="submit"
      >
        Log out
      </button>
    </li>
  </ul>
</nav>
`;
